Done:
- save-restore elimination
- Multisegment flows with MidPoints
- Accurate Flow connection to Transitions
- Coloring Objects and subnet
- Compressed rawSave/rawLoad
- Status info lines
- Sticky Flow heads for transConnectors
- Play-Stop-Speed control
- Undo edit
- Help screen
- Buttons (File: New Save Load Clear M0...?)
- How to indicate if STEP+ goes history or fires?
- Rotate subnets
- Mouse location as center of zooming
- Also load file from upload (ctrl-shift Load)
- Snap to grid and free-drag
- Mouse must not snap for move over arrow to highlight
- Labels input and placement
- Events and Macros
- events.rec load
- Play Run Fly pressed indicator bold frame
- Labels to attach to Places/Transitions/MidPoints
- attached Labels save/load
- label attached to label: rotate
- label attached to MiddlePoint: save, load
- comments in .pn files - ok as it is
- show tokens more than 999
- cursor xy also for key events!
- label edit: nothing else should be active!
- state handling in its own class
- PacMan only in running state
- induljon az url get parameterben megadott netet betöltve
- reset arc (click flow, -=place.tokens, help, no weight)
- reset Arc saveload testing
- Grid and Snap from Prefs
- Settings (grid size (0=off), enabled color, debug mode, fired indicated)
- Assertions as stop conditions when violated
- ANY and ALL in assertions
- Show filename on buttonbar after open
- Delete by Del keyup for all Object types instead of rightclick
- error: undo MidPoints and moves
- Fix for Chroumium extra mousemove event for mousedown 

Todo:
- multiline Labels
- alt sometimes fails coloring
- rec mousemove filter by deltaXY
- Create logistics sample petrinet
- Reachability
- Select (and copy, rotate...?) subnet
- Firing animation with "flames"
- test arc (arrow on both ends in symmetry)
- Capacity Place: t enabled if m'(p)<=cap(p)
- Pref Control string edit textbox
- Multi column file logistics
- Preview small petrinet in files open dialog
- Save/Load also from LocalStorage
- Preview nets in small in files window
some changes